D:\Spring_Workspace\manoj_r_week9_graded_assignment\src\main\java\com\boot\controller\ReadLaterBooksController.java
D:\Spring_Workspace\manoj_r_week9_graded_assignment\src\main\java\com\boot\repositry\LikedBooksRepositry.java
D:\Spring_Workspace\manoj_r_week9_graded_assignment\src\main\java\com\boot\repositry\LoginUserRepositry.java
D:\Spring_Workspace\manoj_r_week9_graded_assignment\src\main\java\com\boot\service\ReadLaterBookService.java
D:\Spring_Workspace\manoj_r_week9_graded_assignment\src\main\java\com\boot\pojo\readlater.java
D:\Spring_Workspace\manoj_r_week9_graded_assignment\src\main\java\com\boot\repositry\ReadLaterRepositry.java
D:\Spring_Workspace\manoj_r_week9_graded_assignment\src\main\java\com\boot\W9TestApplication.java
D:\Spring_Workspace\manoj_r_week9_graded_assignment\src\main\java\com\boot\repositry\BookRepositry.java
D:\Spring_Workspace\manoj_r_week9_graded_assignment\src\main\java\com\boot\service\LoginService.java
D:\Spring_Workspace\manoj_r_week9_graded_assignment\src\main\java\com\boot\controller\HomeController.java
D:\Spring_Workspace\manoj_r_week9_graded_assignment\src\main\java\com\boot\controller\BookController.java
D:\Spring_Workspace\manoj_r_week9_graded_assignment\src\main\java\com\boot\service\BookService.java
D:\Spring_Workspace\manoj_r_week9_graded_assignment\src\main\java\com\boot\pojo\books.java
D:\Spring_Workspace\manoj_r_week9_graded_assignment\src\main\java\com\boot\pojo\likedbooks.java
D:\Spring_Workspace\manoj_r_week9_graded_assignment\src\main\java\com\boot\service\LikedBooksService.java
D:\Spring_Workspace\manoj_r_week9_graded_assignment\src\main\java\com\boot\controller\LikedBooksController.java
D:\Spring_Workspace\manoj_r_week9_graded_assignment\src\main\java\com\boot\pojo\loginuser.java
